=== alexnet_circle_obvious_pos0.3_neg0.5 | p_pos=0.3, p_neg=0.5 | shape=circle size=35 blend=(0.8, 1.0) | epochs=20 ===
Epoch 01/20 | Train loss: 0.6356 | Val loss: 0.6164 | acc: 0.6676 | prec: 0.6788 | rec: 0.5210 | F1: 0.5895 | AUC: 0.7212
  -> New best AUC 0.7212, checkpoint saved.
Epoch 02/20 | Train loss: 0.6090 | Val loss: 0.6115 | acc: 0.6723 | prec: 0.6529 | rec: 0.6078 | F1: 0.6295 | AUC: 0.7238
  -> New best AUC 0.7238, checkpoint saved.
Epoch 03/20 | Train loss: 0.6025 | Val loss: 0.6385 | acc: 0.6380 | prec: 0.5774 | rec: 0.7829 | F1: 0.6646 | AUC: 0.7183
Epoch 04/20 | Train loss: 0.5966 | Val loss: 0.5987 | acc: 0.6815 | prec: 0.6813 | rec: 0.5728 | F1: 0.6223 | AUC: 0.7422
  -> New best AUC 0.7422, checkpoint saved.
Epoch 05/20 | Train loss: 0.5927 | Val loss: 0.5991 | acc: 0.6784 | prec: 0.7094 | rec: 0.5049 | F1: 0.5899 | AUC: 0.7493
  -> New best AUC 0.7493, checkpoint saved.
Epoch 06/20 | Train loss: 0.5880 | Val loss: 0.5915 | acc: 0.6928 | prec: 0.6906 | rec: 0.5967 | F1: 0.6402 | AUC: 0.7511
  -> New best AUC 0.7511, checkpoint saved.
Epoch 07/20 | Train loss: 0.5843 | Val loss: 0.5883 | acc: 0.6946 | prec: 0.6671 | rec: 0.6656 | F1: 0.6663 | AUC: 0.7540
  -> New best AUC 0.7540, checkpoint saved.
Epoch 08/20 | Train loss: 0.5803 | Val loss: 0.5894 | acc: 0.6980 | prec: 0.6953 | rec: 0.6068 | F1: 0.6480 | AUC: 0.7554
  -> New best AUC 0.7554, checkpoint saved.
Epoch 09/20 | Train loss: 0.5787 | Val loss: 0.5846 | acc: 0.6977 | prec: 0.6640 | rec: 0.6885 | F1: 0.6760 | AUC: 0.7591
  -> New best AUC 0.7591, checkpoint saved.
Epoch 10/20 | Train loss: 0.5745 | Val loss: 0.5866 | acc: 0.6978 | prec: 0.6791 | rec: 0.6455 | F1: 0.6619 | AUC: 0.7571
Epoch 11/20 | Train loss: 0.5942 | Val loss: 0.6183 | acc: 0.6584 | prec: 0.5968 | rec: 0.7842 | F1: 0.6778 | AUC: 0.7376
Epoch 12/20 | Train loss: 0.5931 | Val loss: 0.6337 | acc: 0.6580 | prec: 0.7382 | rec: 0.3928 | F1: 0.5128 | AUC: 0.7426
Epoch 13/20 | Train loss: 0.5892 | Val loss: 0.6109 | acc: 0.6749 | prec: 0.6137 | rec: 0.7837 | F1: 0.6884 | AUC: 0.7501
Epoch 14/20 | Train loss: 0.5872 | Val loss: 0.5948 | acc: 0.6877 | prec: 0.6477 | rec: 0.6981 | F1: 0.6719 | AUC: 0.7478
Epoch 15/20 | Train loss: 0.5853 | Val loss: 0.6015 | acc: 0.6813 | prec: 0.6210 | rec: 0.7815 | F1: 0.6920 | AUC: 0.7556
Epoch 16/20 | Train loss: 0.5811 | Val loss: 0.5886 | acc: 0.6961 | prec: 0.6959 | rec: 0.5981 | F1: 0.6433 | AUC: 0.7568
Epoch 17/20 | Train loss: 0.5761 | Val loss: 0.5872 | acc: 0.6982 | prec: 0.6738 | rec: 0.6615 | F1: 0.6676 | AUC: 0.7579
Epoch 18/20 | Train loss: 0.5732 | Val loss: 0.5819 | acc: 0.7010 | prec: 0.6817 | rec: 0.6518 | F1: 0.6664 | AUC: 0.7621
  -> New best AUC 0.7621, checkpoint saved.
Epoch 19/20 | Train loss: 0.5704 | Val loss: 0.5851 | acc: 0.7012 | prec: 0.6933 | rec: 0.6239 | F1: 0.6568 | AUC: 0.7593
Epoch 20/20 | Train loss: 0.5672 | Val loss: 0.5785 | acc: 0.7084 | prec: 0.6923 | rec: 0.6543 | F1: 0.6727 | AUC: 0.7657
  -> New best AUC 0.7657, checkpoint saved.

Loading best checkpoint for test evaluation ...
Test | loss: 0.5941 | acc: 0.6897 | prec: 0.6488 | rec: 0.7354 | F1: 0.6894 | AUC: 0.7571
