=== alexnet_pos0.1_neg0.5 | p_pos=0.1, p_neg=0.5 | shape=star size=20 blend=(0.8, 1.0) | epochs=20 ===
Epoch 01/20 | Train loss: 0.6427 | Val loss: 0.6871 | acc: 0.5730 | prec: 0.5203 | rec: 0.8716 | F1: 0.6516 | AUC: 0.6949
  -> New best AUC 0.6949, checkpoint saved.
Epoch 02/20 | Train loss: 0.5994 | Val loss: 0.6413 | acc: 0.6800 | prec: 0.7385 | rec: 0.4669 | F1: 0.5721 | AUC: 0.7714
  -> New best AUC 0.7714, checkpoint saved.
Epoch 03/20 | Train loss: 0.5537 | Val loss: 0.6880 | acc: 0.6433 | prec: 0.7712 | rec: 0.3148 | F1: 0.4471 | AUC: 0.7760
  -> New best AUC 0.7760, checkpoint saved.
Epoch 04/20 | Train loss: 0.5410 | Val loss: 0.5401 | acc: 0.7306 | prec: 0.7217 | rec: 0.6706 | F1: 0.6952 | AUC: 0.8035
  -> New best AUC 0.8035, checkpoint saved.
Epoch 05/20 | Train loss: 0.5295 | Val loss: 0.5269 | acc: 0.7430 | prec: 0.7435 | rec: 0.6704 | F1: 0.7051 | AUC: 0.8155
  -> New best AUC 0.8155, checkpoint saved.
Epoch 06/20 | Train loss: 0.5266 | Val loss: 0.5311 | acc: 0.7381 | prec: 0.7306 | rec: 0.6786 | F1: 0.7037 | AUC: 0.8105
Epoch 07/20 | Train loss: 0.5209 | Val loss: 0.5273 | acc: 0.7432 | prec: 0.7280 | rec: 0.7016 | F1: 0.7146 | AUC: 0.8152
Epoch 08/20 | Train loss: 0.5161 | Val loss: 0.5164 | acc: 0.7494 | prec: 0.7325 | rec: 0.7134 | F1: 0.7228 | AUC: 0.8226
  -> New best AUC 0.8226, checkpoint saved.
Epoch 09/20 | Train loss: 0.5100 | Val loss: 0.5156 | acc: 0.7501 | prec: 0.7290 | rec: 0.7233 | F1: 0.7262 | AUC: 0.8221
Epoch 10/20 | Train loss: 0.5091 | Val loss: 0.5145 | acc: 0.7489 | prec: 0.7317 | rec: 0.7136 | F1: 0.7225 | AUC: 0.8227
  -> New best AUC 0.8227, checkpoint saved.
Epoch 11/20 | Train loss: 0.5324 | Val loss: 0.5594 | acc: 0.6993 | prec: 0.6245 | rec: 0.8623 | F1: 0.7244 | AUC: 0.8027
Epoch 12/20 | Train loss: 0.5271 | Val loss: 0.5692 | acc: 0.7143 | prec: 0.7738 | rec: 0.5319 | F1: 0.6305 | AUC: 0.8074
Epoch 13/20 | Train loss: 0.5267 | Val loss: 0.5367 | acc: 0.7295 | prec: 0.6600 | rec: 0.8447 | F1: 0.7410 | AUC: 0.8211
Epoch 14/20 | Train loss: 0.5218 | Val loss: 0.5250 | acc: 0.7402 | prec: 0.6990 | rec: 0.7603 | F1: 0.7284 | AUC: 0.8151
Epoch 15/20 | Train loss: 0.5186 | Val loss: 0.5433 | acc: 0.7304 | prec: 0.6658 | rec: 0.8263 | F1: 0.7374 | AUC: 0.8148
Epoch 16/20 | Train loss: 0.5120 | Val loss: 0.5172 | acc: 0.7455 | prec: 0.7434 | rec: 0.6788 | F1: 0.7097 | AUC: 0.8198
Epoch 17/20 | Train loss: 0.5090 | Val loss: 0.5242 | acc: 0.7434 | prec: 0.6915 | rec: 0.7942 | F1: 0.7393 | AUC: 0.8227
  -> New best AUC 0.8227, checkpoint saved.
Epoch 18/20 | Train loss: 0.5076 | Val loss: 0.5105 | acc: 0.7518 | prec: 0.7271 | rec: 0.7339 | F1: 0.7304 | AUC: 0.8271
  -> New best AUC 0.8271, checkpoint saved.
Epoch 19/20 | Train loss: 0.5030 | Val loss: 0.5137 | acc: 0.7482 | prec: 0.7401 | rec: 0.6942 | F1: 0.7164 | AUC: 0.8247
Epoch 20/20 | Train loss: 0.5017 | Val loss: 0.5072 | acc: 0.7544 | prec: 0.7394 | rec: 0.7165 | F1: 0.7278 | AUC: 0.8287
  -> New best AUC 0.8287, checkpoint saved.

Loading best checkpoint for test evaluation ...
Test | loss: 0.6203 | acc: 0.6770 | prec: 0.6203 | rec: 0.7999 | F1: 0.6987 | AUC: 0.7577
