=== alexnet_circle_intermediate_pos0.5_neg0.1 | p_pos=0.5, p_neg=0.1 | shape=circle size=20 blend=(0.6, 0.8) | epochs=20 ===
Epoch 01/20 | Train loss: 0.6351 | Val loss: 0.6117 | acc: 0.6654 | prec: 0.6852 | rec: 0.4988 | F1: 0.5773 | AUC: 0.7329
  -> New best AUC 0.7329, checkpoint saved.
Epoch 02/20 | Train loss: 0.5962 | Val loss: 0.5988 | acc: 0.6886 | prec: 0.7246 | rec: 0.5165 | F1: 0.6031 | AUC: 0.7689
  -> New best AUC 0.7689, checkpoint saved.
Epoch 03/20 | Train loss: 0.5606 | Val loss: 0.6282 | acc: 0.6959 | prec: 0.7719 | rec: 0.4772 | F1: 0.5898 | AUC: 0.7859
  -> New best AUC 0.7859, checkpoint saved.
Epoch 04/20 | Train loss: 0.5433 | Val loss: 0.6200 | acc: 0.6591 | prec: 0.5854 | rec: 0.8774 | F1: 0.7023 | AUC: 0.7864
  -> New best AUC 0.7864, checkpoint saved.
Epoch 05/20 | Train loss: 0.5332 | Val loss: 0.5302 | acc: 0.7408 | prec: 0.7330 | rec: 0.6831 | F1: 0.7072 | AUC: 0.8099
  -> New best AUC 0.8099, checkpoint saved.
Epoch 06/20 | Train loss: 0.5255 | Val loss: 0.5348 | acc: 0.7310 | prec: 0.6948 | rec: 0.7364 | F1: 0.7150 | AUC: 0.8073
Epoch 07/20 | Train loss: 0.5189 | Val loss: 0.5197 | acc: 0.7434 | prec: 0.7208 | rec: 0.7179 | F1: 0.7194 | AUC: 0.8173
  -> New best AUC 0.8173, checkpoint saved.
Epoch 08/20 | Train loss: 0.5123 | Val loss: 0.5205 | acc: 0.7411 | prec: 0.7282 | rec: 0.6938 | F1: 0.7106 | AUC: 0.8184
  -> New best AUC 0.8184, checkpoint saved.
Epoch 09/20 | Train loss: 0.5095 | Val loss: 0.5170 | acc: 0.7506 | prec: 0.7154 | rec: 0.7566 | F1: 0.7354 | AUC: 0.8218
  -> New best AUC 0.8218, checkpoint saved.
Epoch 10/20 | Train loss: 0.5089 | Val loss: 0.5171 | acc: 0.7477 | prec: 0.7224 | rec: 0.7300 | F1: 0.7261 | AUC: 0.8196
Epoch 11/20 | Train loss: 0.5331 | Val loss: 0.5385 | acc: 0.7312 | prec: 0.7554 | rec: 0.6111 | F1: 0.6756 | AUC: 0.8066
Epoch 12/20 | Train loss: 0.5299 | Val loss: 0.5587 | acc: 0.7283 | prec: 0.7618 | rec: 0.5922 | F1: 0.6664 | AUC: 0.8071
Epoch 13/20 | Train loss: 0.5281 | Val loss: 0.5286 | acc: 0.7421 | prec: 0.6996 | rec: 0.7661 | F1: 0.7314 | AUC: 0.8155
Epoch 14/20 | Train loss: 0.5240 | Val loss: 0.5222 | acc: 0.7425 | prec: 0.7300 | rec: 0.6949 | F1: 0.7121 | AUC: 0.8170
Epoch 15/20 | Train loss: 0.5156 | Val loss: 0.5328 | acc: 0.7389 | prec: 0.7298 | rec: 0.6831 | F1: 0.7057 | AUC: 0.8123
Epoch 16/20 | Train loss: 0.5143 | Val loss: 0.5300 | acc: 0.7453 | prec: 0.7263 | rec: 0.7128 | F1: 0.7195 | AUC: 0.8162
Epoch 17/20 | Train loss: 0.5091 | Val loss: 0.5199 | acc: 0.7407 | prec: 0.6990 | rec: 0.7623 | F1: 0.7293 | AUC: 0.8205
Epoch 18/20 | Train loss: 0.5039 | Val loss: 0.5167 | acc: 0.7486 | prec: 0.7420 | rec: 0.6916 | F1: 0.7159 | AUC: 0.8222
  -> New best AUC 0.8222, checkpoint saved.
Epoch 19/20 | Train loss: 0.5025 | Val loss: 0.5132 | acc: 0.7501 | prec: 0.7326 | rec: 0.7158 | F1: 0.7241 | AUC: 0.8234
  -> New best AUC 0.8234, checkpoint saved.
Epoch 20/20 | Train loss: 0.4937 | Val loss: 0.5073 | acc: 0.7521 | prec: 0.7332 | rec: 0.7214 | F1: 0.7273 | AUC: 0.8269
  -> New best AUC 0.8269, checkpoint saved.

Loading best checkpoint for test evaluation ...
Test | loss: 0.6218 | acc: 0.6823 | prec: 0.7470 | rec: 0.4861 | F1: 0.5890 | AUC: 0.7600
