=== alexnet_circle_obvious_pos0.5_neg0.1 | p_pos=0.5, p_neg=0.1 | shape=circle size=35 blend=(0.8, 1.0) | epochs=20 ===
Epoch 01/20 | Train loss: 0.5811 | Val loss: 0.5575 | acc: 0.7229 | prec: 0.7547 | rec: 0.5854 | F1: 0.6594 | AUC: 0.7907
  -> New best AUC 0.7907, checkpoint saved.
Epoch 02/20 | Train loss: 0.5452 | Val loss: 0.5642 | acc: 0.7112 | prec: 0.6611 | rec: 0.7584 | F1: 0.7064 | AUC: 0.7875
Epoch 03/20 | Train loss: 0.5368 | Val loss: 0.5686 | acc: 0.7097 | prec: 0.7171 | rec: 0.6051 | F1: 0.6563 | AUC: 0.7817
Epoch 04/20 | Train loss: 0.5311 | Val loss: 0.5284 | acc: 0.7387 | prec: 0.7323 | rec: 0.6770 | F1: 0.7036 | AUC: 0.8138
  -> New best AUC 0.8138, checkpoint saved.
Epoch 05/20 | Train loss: 0.5254 | Val loss: 0.5248 | acc: 0.7412 | prec: 0.7200 | rec: 0.7123 | F1: 0.7161 | AUC: 0.8150
  -> New best AUC 0.8150, checkpoint saved.
Epoch 06/20 | Train loss: 0.5225 | Val loss: 0.5240 | acc: 0.7420 | prec: 0.7134 | rec: 0.7302 | F1: 0.7217 | AUC: 0.8145
Epoch 07/20 | Train loss: 0.5144 | Val loss: 0.5251 | acc: 0.7428 | prec: 0.7451 | rec: 0.6665 | F1: 0.7036 | AUC: 0.8193
  -> New best AUC 0.8193, checkpoint saved.
Epoch 08/20 | Train loss: 0.5130 | Val loss: 0.5170 | acc: 0.7494 | prec: 0.7298 | rec: 0.7193 | F1: 0.7245 | AUC: 0.8212
  -> New best AUC 0.8212, checkpoint saved.
Epoch 09/20 | Train loss: 0.5074 | Val loss: 0.5163 | acc: 0.7445 | prec: 0.7249 | rec: 0.7130 | F1: 0.7189 | AUC: 0.8195
Epoch 10/20 | Train loss: 0.5060 | Val loss: 0.5118 | acc: 0.7501 | prec: 0.7255 | rec: 0.7311 | F1: 0.7283 | AUC: 0.8239
  -> New best AUC 0.8239, checkpoint saved.
Epoch 11/20 | Train loss: 0.5279 | Val loss: 0.5386 | acc: 0.7371 | prec: 0.7121 | rec: 0.7156 | F1: 0.7138 | AUC: 0.8097
Epoch 12/20 | Train loss: 0.5253 | Val loss: 0.5407 | acc: 0.7393 | prec: 0.7552 | rec: 0.6375 | F1: 0.6914 | AUC: 0.8128
Epoch 13/20 | Train loss: 0.5224 | Val loss: 0.5348 | acc: 0.7382 | prec: 0.7041 | rec: 0.7393 | F1: 0.7213 | AUC: 0.8084
Epoch 14/20 | Train loss: 0.5191 | Val loss: 0.5140 | acc: 0.7498 | prec: 0.7259 | rec: 0.7292 | F1: 0.7276 | AUC: 0.8239
  -> New best AUC 0.8239, checkpoint saved.
Epoch 15/20 | Train loss: 0.5181 | Val loss: 0.5304 | acc: 0.7412 | prec: 0.7261 | rec: 0.6984 | F1: 0.7120 | AUC: 0.8137
Epoch 16/20 | Train loss: 0.5131 | Val loss: 0.5171 | acc: 0.7483 | prec: 0.7137 | rec: 0.7523 | F1: 0.7325 | AUC: 0.8227
Epoch 17/20 | Train loss: 0.5098 | Val loss: 0.5193 | acc: 0.7432 | prec: 0.7146 | rec: 0.7317 | F1: 0.7231 | AUC: 0.8188
Epoch 18/20 | Train loss: 0.5076 | Val loss: 0.5156 | acc: 0.7495 | prec: 0.7307 | rec: 0.7179 | F1: 0.7242 | AUC: 0.8222
Epoch 19/20 | Train loss: 0.4999 | Val loss: 0.5150 | acc: 0.7503 | prec: 0.7316 | rec: 0.7187 | F1: 0.7251 | AUC: 0.8223
Epoch 20/20 | Train loss: 0.5015 | Val loss: 0.5089 | acc: 0.7535 | prec: 0.7324 | rec: 0.7280 | F1: 0.7302 | AUC: 0.8266
  -> New best AUC 0.8266, checkpoint saved.

Loading best checkpoint for test evaluation ...
Test | loss: 0.6249 | acc: 0.6800 | prec: 0.7417 | rec: 0.4860 | F1: 0.5872 | AUC: 0.7585
