=== alexnet_star_intermediate_pos0.5_neg0.1 | p_pos=0.5, p_neg=0.1 | shape=star size=20 blend=(0.6, 0.8) | epochs=20 ===
Epoch 01/20 | Train loss: 0.6366 | Val loss: 0.6193 | acc: 0.6592 | prec: 0.6827 | rec: 0.4788 | F1: 0.5628 | AUC: 0.7243
  -> New best AUC 0.7243, checkpoint saved.
Epoch 02/20 | Train loss: 0.6085 | Val loss: 0.5963 | acc: 0.6870 | prec: 0.6609 | rec: 0.6508 | F1: 0.6558 | AUC: 0.7437
  -> New best AUC 0.7437, checkpoint saved.
Epoch 03/20 | Train loss: 0.5894 | Val loss: 0.6158 | acc: 0.6738 | prec: 0.6973 | rec: 0.5088 | F1: 0.5883 | AUC: 0.7413
Epoch 04/20 | Train loss: 0.5690 | Val loss: 0.7977 | acc: 0.5356 | prec: 0.4965 | rec: 0.9700 | F1: 0.6568 | AUC: 0.7529
  -> New best AUC 0.7529, checkpoint saved.
Epoch 05/20 | Train loss: 0.5491 | Val loss: 0.5557 | acc: 0.7251 | prec: 0.6759 | rec: 0.7685 | F1: 0.7192 | AUC: 0.7987
  -> New best AUC 0.7987, checkpoint saved.
Epoch 06/20 | Train loss: 0.5348 | Val loss: 0.5431 | acc: 0.7282 | prec: 0.7031 | rec: 0.7041 | F1: 0.7036 | AUC: 0.7985
Epoch 07/20 | Train loss: 0.5252 | Val loss: 0.5240 | acc: 0.7420 | prec: 0.7075 | rec: 0.7446 | F1: 0.7256 | AUC: 0.8157
  -> New best AUC 0.8157, checkpoint saved.
Epoch 08/20 | Train loss: 0.5166 | Val loss: 0.5248 | acc: 0.7413 | prec: 0.7207 | rec: 0.7109 | F1: 0.7158 | AUC: 0.8157
Epoch 09/20 | Train loss: 0.5134 | Val loss: 0.5176 | acc: 0.7488 | prec: 0.7251 | rec: 0.7276 | F1: 0.7264 | AUC: 0.8207
  -> New best AUC 0.8207, checkpoint saved.
Epoch 10/20 | Train loss: 0.5121 | Val loss: 0.5187 | acc: 0.7495 | prec: 0.7227 | rec: 0.7356 | F1: 0.7291 | AUC: 0.8188
Epoch 11/20 | Train loss: 0.5380 | Val loss: 0.5399 | acc: 0.7272 | prec: 0.7839 | rec: 0.5584 | F1: 0.6522 | AUC: 0.8075
Epoch 12/20 | Train loss: 0.5333 | Val loss: 0.5582 | acc: 0.7258 | prec: 0.7871 | rec: 0.5504 | F1: 0.6478 | AUC: 0.8065
Epoch 13/20 | Train loss: 0.5303 | Val loss: 0.5231 | acc: 0.7448 | prec: 0.7050 | rec: 0.7619 | F1: 0.7323 | AUC: 0.8178
Epoch 14/20 | Train loss: 0.5262 | Val loss: 0.5193 | acc: 0.7474 | prec: 0.7233 | rec: 0.7267 | F1: 0.7250 | AUC: 0.8204
Epoch 15/20 | Train loss: 0.5174 | Val loss: 0.5416 | acc: 0.7422 | prec: 0.7147 | rec: 0.7280 | F1: 0.7213 | AUC: 0.8141
Epoch 16/20 | Train loss: 0.5154 | Val loss: 0.5249 | acc: 0.7474 | prec: 0.7296 | rec: 0.7128 | F1: 0.7211 | AUC: 0.8195
Epoch 17/20 | Train loss: 0.5103 | Val loss: 0.5179 | acc: 0.7466 | prec: 0.7082 | rec: 0.7601 | F1: 0.7332 | AUC: 0.8207
  -> New best AUC 0.8207, checkpoint saved.
Epoch 18/20 | Train loss: 0.5056 | Val loss: 0.5187 | acc: 0.7481 | prec: 0.7392 | rec: 0.6955 | F1: 0.7167 | AUC: 0.8209
  -> New best AUC 0.8209, checkpoint saved.
Epoch 19/20 | Train loss: 0.5045 | Val loss: 0.5120 | acc: 0.7521 | prec: 0.7272 | rec: 0.7344 | F1: 0.7308 | AUC: 0.8236
  -> New best AUC 0.8236, checkpoint saved.
Epoch 20/20 | Train loss: 0.4958 | Val loss: 0.5090 | acc: 0.7528 | prec: 0.7332 | rec: 0.7239 | F1: 0.7285 | AUC: 0.8256
  -> New best AUC 0.8256, checkpoint saved.

Loading best checkpoint for test evaluation ...
Test | loss: 0.6255 | acc: 0.6818 | prec: 0.7466 | rec: 0.4851 | F1: 0.5881 | AUC: 0.7599
