=== alexnet_circle_obvious_pos0.1_neg0.5 | p_pos=0.1, p_neg=0.5 | shape=circle size=35 blend=(0.8, 1.0) | epochs=20 ===
Epoch 01/20 | Train loss: 0.5804 | Val loss: 0.5566 | acc: 0.7240 | prec: 0.7073 | rec: 0.6780 | F1: 0.6924 | AUC: 0.7930
  -> New best AUC 0.7930, checkpoint saved.
Epoch 02/20 | Train loss: 0.5488 | Val loss: 0.5776 | acc: 0.7140 | prec: 0.6546 | rec: 0.7955 | F1: 0.7182 | AUC: 0.7975
  -> New best AUC 0.7975, checkpoint saved.
Epoch 03/20 | Train loss: 0.5394 | Val loss: 0.5873 | acc: 0.7025 | prec: 0.7793 | rec: 0.4891 | F1: 0.6010 | AUC: 0.8036
  -> New best AUC 0.8036, checkpoint saved.
Epoch 04/20 | Train loss: 0.5351 | Val loss: 0.5352 | acc: 0.7374 | prec: 0.6949 | rec: 0.7609 | F1: 0.7264 | AUC: 0.8097
  -> New best AUC 0.8097, checkpoint saved.
Epoch 05/20 | Train loss: 0.5282 | Val loss: 0.5283 | acc: 0.7404 | prec: 0.7553 | rec: 0.6409 | F1: 0.6934 | AUC: 0.8149
  -> New best AUC 0.8149, checkpoint saved.
Epoch 06/20 | Train loss: 0.5234 | Val loss: 0.5189 | acc: 0.7457 | prec: 0.7236 | rec: 0.7198 | F1: 0.7217 | AUC: 0.8196
  -> New best AUC 0.8196, checkpoint saved.
Epoch 07/20 | Train loss: 0.5159 | Val loss: 0.5217 | acc: 0.7465 | prec: 0.7350 | rec: 0.6986 | F1: 0.7163 | AUC: 0.8177
Epoch 08/20 | Train loss: 0.5144 | Val loss: 0.5193 | acc: 0.7436 | prec: 0.7673 | rec: 0.6319 | F1: 0.6931 | AUC: 0.8219
  -> New best AUC 0.8219, checkpoint saved.
Epoch 09/20 | Train loss: 0.5080 | Val loss: 0.5132 | acc: 0.7537 | prec: 0.7380 | rec: 0.7169 | F1: 0.7273 | AUC: 0.8243
  -> New best AUC 0.8243, checkpoint saved.
Epoch 10/20 | Train loss: 0.5067 | Val loss: 0.5132 | acc: 0.7474 | prec: 0.7308 | rec: 0.7103 | F1: 0.7204 | AUC: 0.8235
Epoch 11/20 | Train loss: 0.5296 | Val loss: 0.5270 | acc: 0.7427 | prec: 0.7089 | rec: 0.7438 | F1: 0.7259 | AUC: 0.8151
Epoch 12/20 | Train loss: 0.5260 | Val loss: 0.5407 | acc: 0.7322 | prec: 0.7655 | rec: 0.5990 | F1: 0.6721 | AUC: 0.8134
Epoch 13/20 | Train loss: 0.5238 | Val loss: 0.5424 | acc: 0.7300 | prec: 0.6744 | rec: 0.7942 | F1: 0.7294 | AUC: 0.8119
Epoch 14/20 | Train loss: 0.5221 | Val loss: 0.5386 | acc: 0.7348 | prec: 0.6870 | rec: 0.7737 | F1: 0.7278 | AUC: 0.8134
Epoch 15/20 | Train loss: 0.5181 | Val loss: 0.5241 | acc: 0.7446 | prec: 0.7127 | rec: 0.7416 | F1: 0.7269 | AUC: 0.8157
Epoch 16/20 | Train loss: 0.5133 | Val loss: 0.5207 | acc: 0.7469 | prec: 0.7287 | rec: 0.7132 | F1: 0.7209 | AUC: 0.8190
Epoch 17/20 | Train loss: 0.5090 | Val loss: 0.5202 | acc: 0.7461 | prec: 0.7021 | rec: 0.7743 | F1: 0.7364 | AUC: 0.8226
Epoch 18/20 | Train loss: 0.5040 | Val loss: 0.5058 | acc: 0.7554 | prec: 0.7386 | rec: 0.7214 | F1: 0.7299 | AUC: 0.8289
  -> New best AUC 0.8289, checkpoint saved.
Epoch 19/20 | Train loss: 0.5062 | Val loss: 0.5135 | acc: 0.7505 | prec: 0.7325 | rec: 0.7175 | F1: 0.7249 | AUC: 0.8239
Epoch 20/20 | Train loss: 0.5009 | Val loss: 0.5037 | acc: 0.7560 | prec: 0.7491 | rec: 0.7029 | F1: 0.7253 | AUC: 0.8310
  -> New best AUC 0.8310, checkpoint saved.

Loading best checkpoint for test evaluation ...
Test | loss: 0.6111 | acc: 0.6831 | prec: 0.6303 | rec: 0.7822 | F1: 0.6981 | AUC: 0.7586
