=== alexnet_star_obvious_pos0.1_neg0.5 | p_pos=0.1, p_neg=0.5 | shape=star size=35 blend=(0.8, 1.0) | epochs=20 ===
Epoch 01/20 | Train loss: 0.5896 | Val loss: 0.5657 | acc: 0.7119 | prec: 0.6659 | rec: 0.7449 | F1: 0.7032 | AUC: 0.7880
  -> New best AUC 0.7880, checkpoint saved.
Epoch 02/20 | Train loss: 0.5489 | Val loss: 0.5392 | acc: 0.7296 | prec: 0.7006 | rec: 0.7154 | F1: 0.7079 | AUC: 0.8018
  -> New best AUC 0.8018, checkpoint saved.
Epoch 03/20 | Train loss: 0.5383 | Val loss: 0.5906 | acc: 0.6961 | prec: 0.7849 | rec: 0.4636 | F1: 0.5829 | AUC: 0.8045
  -> New best AUC 0.8045, checkpoint saved.
Epoch 04/20 | Train loss: 0.5339 | Val loss: 0.5338 | acc: 0.7363 | prec: 0.6986 | rec: 0.7463 | F1: 0.7217 | AUC: 0.8090
  -> New best AUC 0.8090, checkpoint saved.
Epoch 05/20 | Train loss: 0.5273 | Val loss: 0.5263 | acc: 0.7444 | prec: 0.7416 | rec: 0.6784 | F1: 0.7086 | AUC: 0.8163
  -> New best AUC 0.8163, checkpoint saved.
Epoch 06/20 | Train loss: 0.5226 | Val loss: 0.5219 | acc: 0.7408 | prec: 0.7458 | rec: 0.6588 | F1: 0.6996 | AUC: 0.8178
  -> New best AUC 0.8178, checkpoint saved.
Epoch 07/20 | Train loss: 0.5150 | Val loss: 0.5196 | acc: 0.7442 | prec: 0.7291 | rec: 0.7027 | F1: 0.7157 | AUC: 0.8188
  -> New best AUC 0.8188, checkpoint saved.
Epoch 08/20 | Train loss: 0.5136 | Val loss: 0.5176 | acc: 0.7436 | prec: 0.7675 | rec: 0.6319 | F1: 0.6931 | AUC: 0.8230
  -> New best AUC 0.8230, checkpoint saved.
Epoch 09/20 | Train loss: 0.5073 | Val loss: 0.5131 | acc: 0.7540 | prec: 0.7355 | rec: 0.7232 | F1: 0.7293 | AUC: 0.8246
  -> New best AUC 0.8246, checkpoint saved.
Epoch 10/20 | Train loss: 0.5059 | Val loss: 0.5130 | acc: 0.7495 | prec: 0.7406 | rec: 0.6977 | F1: 0.7185 | AUC: 0.8237
Epoch 11/20 | Train loss: 0.5282 | Val loss: 0.5330 | acc: 0.7411 | prec: 0.7228 | rec: 0.7053 | F1: 0.7139 | AUC: 0.8131
Epoch 12/20 | Train loss: 0.5254 | Val loss: 0.5616 | acc: 0.7242 | prec: 0.7765 | rec: 0.5589 | F1: 0.6500 | AUC: 0.8155
Epoch 13/20 | Train loss: 0.5230 | Val loss: 0.5304 | acc: 0.7404 | prec: 0.7022 | rec: 0.7527 | F1: 0.7266 | AUC: 0.8163
Epoch 14/20 | Train loss: 0.5202 | Val loss: 0.5209 | acc: 0.7455 | prec: 0.7423 | rec: 0.6809 | F1: 0.7103 | AUC: 0.8179
Epoch 15/20 | Train loss: 0.5173 | Val loss: 0.5236 | acc: 0.7420 | prec: 0.6995 | rec: 0.7660 | F1: 0.7312 | AUC: 0.8194
Epoch 16/20 | Train loss: 0.5118 | Val loss: 0.5218 | acc: 0.7449 | prec: 0.7255 | rec: 0.7130 | F1: 0.7192 | AUC: 0.8187
Epoch 17/20 | Train loss: 0.5076 | Val loss: 0.5153 | acc: 0.7497 | prec: 0.7086 | rec: 0.7706 | F1: 0.7383 | AUC: 0.8249
  -> New best AUC 0.8249, checkpoint saved.
Epoch 18/20 | Train loss: 0.5028 | Val loss: 0.5061 | acc: 0.7543 | prec: 0.7284 | rec: 0.7395 | F1: 0.7339 | AUC: 0.8295
  -> New best AUC 0.8295, checkpoint saved.
Epoch 19/20 | Train loss: 0.5046 | Val loss: 0.5134 | acc: 0.7496 | prec: 0.7247 | rec: 0.7313 | F1: 0.7280 | AUC: 0.8242
Epoch 20/20 | Train loss: 0.4996 | Val loss: 0.5029 | acc: 0.7563 | prec: 0.7419 | rec: 0.7179 | F1: 0.7297 | AUC: 0.8316
  -> New best AUC 0.8316, checkpoint saved.

Loading best checkpoint for test evaluation ...
Test | loss: 0.6149 | acc: 0.6761 | prec: 0.6193 | rec: 0.8002 | F1: 0.6982 | AUC: 0.7584
