=== alexnet_star_intermediate_pos0.5_neg0.3 | p_pos=0.5, p_neg=0.3 | shape=star size=20 blend=(0.6, 0.8) | epochs=20 ===
Epoch 01/20 | Train loss: 0.6404 | Val loss: 0.6241 | acc: 0.6601 | prec: 0.6712 | rec: 0.5060 | F1: 0.5770 | AUC: 0.7119
  -> New best AUC 0.7119, checkpoint saved.
Epoch 02/20 | Train loss: 0.6164 | Val loss: 0.6183 | acc: 0.6677 | prec: 0.6466 | rec: 0.6058 | F1: 0.6256 | AUC: 0.7197
  -> New best AUC 0.7197, checkpoint saved.
Epoch 03/20 | Train loss: 0.6089 | Val loss: 0.6843 | acc: 0.6509 | prec: 0.7074 | rec: 0.4058 | F1: 0.5158 | AUC: 0.7308
  -> New best AUC 0.7308, checkpoint saved.
Epoch 04/20 | Train loss: 0.6031 | Val loss: 0.6076 | acc: 0.6760 | prec: 0.6753 | rec: 0.5640 | F1: 0.6147 | AUC: 0.7346
  -> New best AUC 0.7346, checkpoint saved.
Epoch 05/20 | Train loss: 0.5986 | Val loss: 0.6015 | acc: 0.6883 | prec: 0.6823 | rec: 0.5982 | F1: 0.6375 | AUC: 0.7399
  -> New best AUC 0.7399, checkpoint saved.
Epoch 06/20 | Train loss: 0.5947 | Val loss: 0.6052 | acc: 0.6828 | prec: 0.6916 | rec: 0.5551 | F1: 0.6159 | AUC: 0.7403
  -> New best AUC 0.7403, checkpoint saved.
Epoch 07/20 | Train loss: 0.5891 | Val loss: 0.5995 | acc: 0.6877 | prec: 0.6820 | rec: 0.5963 | F1: 0.6363 | AUC: 0.7439
  -> New best AUC 0.7439, checkpoint saved.
Epoch 08/20 | Train loss: 0.5842 | Val loss: 0.5922 | acc: 0.6944 | prec: 0.6737 | rec: 0.6459 | F1: 0.6595 | AUC: 0.7504
  -> New best AUC 0.7504, checkpoint saved.
Epoch 09/20 | Train loss: 0.5807 | Val loss: 0.5929 | acc: 0.6960 | prec: 0.6707 | rec: 0.6607 | F1: 0.6657 | AUC: 0.7489
Epoch 10/20 | Train loss: 0.5776 | Val loss: 0.5927 | acc: 0.6963 | prec: 0.6767 | rec: 0.6457 | F1: 0.6608 | AUC: 0.7496
Epoch 11/20 | Train loss: 0.5967 | Val loss: 0.6127 | acc: 0.6780 | prec: 0.6270 | rec: 0.7335 | F1: 0.6761 | AUC: 0.7380
Epoch 12/20 | Train loss: 0.5962 | Val loss: 0.6302 | acc: 0.6698 | prec: 0.7072 | rec: 0.4765 | F1: 0.5693 | AUC: 0.7415
Epoch 13/20 | Train loss: 0.5936 | Val loss: 0.6091 | acc: 0.6780 | prec: 0.6189 | rec: 0.7739 | F1: 0.6878 | AUC: 0.7463
Epoch 14/20 | Train loss: 0.5904 | Val loss: 0.5959 | acc: 0.6929 | prec: 0.6701 | rec: 0.6496 | F1: 0.6597 | AUC: 0.7469
Epoch 15/20 | Train loss: 0.5880 | Val loss: 0.6095 | acc: 0.6705 | prec: 0.6075 | rec: 0.7930 | F1: 0.6880 | AUC: 0.7459
Epoch 16/20 | Train loss: 0.5841 | Val loss: 0.5957 | acc: 0.6928 | prec: 0.6698 | rec: 0.6500 | F1: 0.6598 | AUC: 0.7490
Epoch 17/20 | Train loss: 0.5785 | Val loss: 0.5930 | acc: 0.6936 | prec: 0.6552 | rec: 0.6992 | F1: 0.6765 | AUC: 0.7515
  -> New best AUC 0.7515, checkpoint saved.
Epoch 18/20 | Train loss: 0.5756 | Val loss: 0.5915 | acc: 0.6969 | prec: 0.6846 | rec: 0.6272 | F1: 0.6547 | AUC: 0.7547
  -> New best AUC 0.7547, checkpoint saved.
Epoch 19/20 | Train loss: 0.5715 | Val loss: 0.5887 | acc: 0.6961 | prec: 0.6814 | rec: 0.6321 | F1: 0.6558 | AUC: 0.7548
  -> New best AUC 0.7548, checkpoint saved.
Epoch 20/20 | Train loss: 0.5697 | Val loss: 0.5911 | acc: 0.6985 | prec: 0.6727 | rec: 0.6658 | F1: 0.6692 | AUC: 0.7534

Loading best checkpoint for test evaluation ...
Test | loss: 0.5905 | acc: 0.7000 | prec: 0.7124 | rec: 0.6026 | F1: 0.6529 | AUC: 0.7577
