=== alexnet_wave_obvious_pos0.5_neg0.3 | p_pos=0.5, p_neg=0.3 | shape=wave size=35 blend=(0.8, 1.0) | epochs=20 ===
Epoch 01/20 | Train loss: 0.6353 | Val loss: 0.6185 | acc: 0.6666 | prec: 0.6539 | rec: 0.5786 | F1: 0.6140 | AUC: 0.7193
  -> New best AUC 0.7193, checkpoint saved.
Epoch 02/20 | Train loss: 0.6101 | Val loss: 0.6170 | acc: 0.6629 | prec: 0.6134 | rec: 0.7144 | F1: 0.6601 | AUC: 0.7228
  -> New best AUC 0.7228, checkpoint saved.
Epoch 03/20 | Train loss: 0.6025 | Val loss: 0.6736 | acc: 0.6125 | prec: 0.5533 | rec: 0.8014 | F1: 0.6546 | AUC: 0.6883
Epoch 04/20 | Train loss: 0.5973 | Val loss: 0.6061 | acc: 0.6826 | prec: 0.6540 | rec: 0.6523 | F1: 0.6532 | AUC: 0.7364
  -> New best AUC 0.7364, checkpoint saved.
Epoch 05/20 | Train loss: 0.5921 | Val loss: 0.5960 | acc: 0.6895 | prec: 0.6519 | rec: 0.6916 | F1: 0.6712 | AUC: 0.7484
  -> New best AUC 0.7484, checkpoint saved.
Epoch 06/20 | Train loss: 0.5890 | Val loss: 0.5909 | acc: 0.6933 | prec: 0.6899 | rec: 0.6004 | F1: 0.6420 | AUC: 0.7510
  -> New best AUC 0.7510, checkpoint saved.
Epoch 07/20 | Train loss: 0.5843 | Val loss: 0.5861 | acc: 0.6960 | prec: 0.6800 | rec: 0.6354 | F1: 0.6569 | AUC: 0.7573
  -> New best AUC 0.7573, checkpoint saved.
Epoch 08/20 | Train loss: 0.5790 | Val loss: 0.5905 | acc: 0.6937 | prec: 0.6899 | rec: 0.6021 | F1: 0.6431 | AUC: 0.7542
Epoch 09/20 | Train loss: 0.5755 | Val loss: 0.5836 | acc: 0.7002 | prec: 0.6791 | rec: 0.6554 | F1: 0.6671 | AUC: 0.7595
  -> New best AUC 0.7595, checkpoint saved.
Epoch 10/20 | Train loss: 0.5719 | Val loss: 0.5831 | acc: 0.7028 | prec: 0.6846 | rec: 0.6516 | F1: 0.6677 | AUC: 0.7602
  -> New best AUC 0.7602, checkpoint saved.
Epoch 11/20 | Train loss: 0.5911 | Val loss: 0.6132 | acc: 0.6697 | prec: 0.6138 | rec: 0.7521 | F1: 0.6760 | AUC: 0.7382
Epoch 12/20 | Train loss: 0.5928 | Val loss: 0.6414 | acc: 0.6509 | prec: 0.7407 | rec: 0.3661 | F1: 0.4900 | AUC: 0.7463
Epoch 13/20 | Train loss: 0.5889 | Val loss: 0.6352 | acc: 0.6540 | prec: 0.5862 | rec: 0.8323 | F1: 0.6879 | AUC: 0.7483
Epoch 14/20 | Train loss: 0.5863 | Val loss: 0.6075 | acc: 0.6812 | prec: 0.6265 | rec: 0.7531 | F1: 0.6840 | AUC: 0.7502
Epoch 15/20 | Train loss: 0.5834 | Val loss: 0.6096 | acc: 0.6766 | prec: 0.6139 | rec: 0.7928 | F1: 0.6920 | AUC: 0.7495
Epoch 16/20 | Train loss: 0.5797 | Val loss: 0.5866 | acc: 0.6986 | prec: 0.6746 | rec: 0.6611 | F1: 0.6678 | AUC: 0.7575
Epoch 17/20 | Train loss: 0.5746 | Val loss: 0.5929 | acc: 0.6940 | prec: 0.6438 | rec: 0.7434 | F1: 0.6900 | AUC: 0.7565
Epoch 18/20 | Train loss: 0.5715 | Val loss: 0.5812 | acc: 0.7018 | prec: 0.6816 | rec: 0.6553 | F1: 0.6682 | AUC: 0.7622
  -> New best AUC 0.7622, checkpoint saved.
Epoch 19/20 | Train loss: 0.5680 | Val loss: 0.5809 | acc: 0.7011 | prec: 0.6828 | rec: 0.6492 | F1: 0.6656 | AUC: 0.7626
  -> New best AUC 0.7626, checkpoint saved.
Epoch 20/20 | Train loss: 0.5649 | Val loss: 0.5785 | acc: 0.7047 | prec: 0.6866 | rec: 0.6539 | F1: 0.6699 | AUC: 0.7658
  -> New best AUC 0.7658, checkpoint saved.

Loading best checkpoint for test evaluation ...
Test | loss: 0.6002 | acc: 0.6948 | prec: 0.7199 | rec: 0.5701 | F1: 0.6363 | AUC: 0.7588
