=== alexnet_circle_subtle_pos0.5_neg0.0 | p_pos=0.5, p_neg=0.0 | shape=circle size=15 blend=(0.4, 0.6) | epochs=20 ===
Epoch 01/20 | Train loss: 0.6389 | Val loss: 0.6246 | acc: 0.6560 | prec: 0.6763 | rec: 0.4780 | F1: 0.5601 | AUC: 0.7168
  -> New best AUC 0.7168, checkpoint saved.
Epoch 02/20 | Train loss: 0.6139 | Val loss: 0.6203 | acc: 0.6692 | prec: 0.6189 | rec: 0.7237 | F1: 0.6672 | AUC: 0.7257
  -> New best AUC 0.7257, checkpoint saved.
Epoch 03/20 | Train loss: 0.6034 | Val loss: 0.6333 | acc: 0.6579 | prec: 0.6294 | rec: 0.6160 | F1: 0.6226 | AUC: 0.7077
Epoch 04/20 | Train loss: 0.5945 | Val loss: 0.5966 | acc: 0.6916 | prec: 0.6746 | rec: 0.6315 | F1: 0.6523 | AUC: 0.7483
  -> New best AUC 0.7483, checkpoint saved.
Epoch 05/20 | Train loss: 0.5802 | Val loss: 0.5727 | acc: 0.7075 | prec: 0.6802 | rec: 0.6823 | F1: 0.6812 | AUC: 0.7711
  -> New best AUC 0.7711, checkpoint saved.
Epoch 06/20 | Train loss: 0.5575 | Val loss: 0.5745 | acc: 0.7058 | prec: 0.6657 | rec: 0.7187 | F1: 0.6912 | AUC: 0.7795
  -> New best AUC 0.7795, checkpoint saved.
Epoch 07/20 | Train loss: 0.5236 | Val loss: 0.5182 | acc: 0.7415 | prec: 0.7502 | rec: 0.6533 | F1: 0.6984 | AUC: 0.8137
  -> New best AUC 0.8137, checkpoint saved.
Epoch 08/20 | Train loss: 0.5022 | Val loss: 0.5026 | acc: 0.7559 | prec: 0.7279 | rec: 0.7459 | F1: 0.7368 | AUC: 0.8322
  -> New best AUC 0.8322, checkpoint saved.
Epoch 09/20 | Train loss: 0.4866 | Val loss: 0.4880 | acc: 0.7597 | prec: 0.7628 | rec: 0.6901 | F1: 0.7246 | AUC: 0.8345
  -> New best AUC 0.8345, checkpoint saved.
Epoch 10/20 | Train loss: 0.4789 | Val loss: 0.4876 | acc: 0.7612 | prec: 0.7735 | rec: 0.6770 | F1: 0.7221 | AUC: 0.8357
  -> New best AUC 0.8357, checkpoint saved.
Epoch 11/20 | Train loss: 0.5227 | Val loss: 0.5094 | acc: 0.7483 | prec: 0.7747 | rec: 0.6354 | F1: 0.6982 | AUC: 0.8219
Epoch 12/20 | Train loss: 0.5042 | Val loss: 0.5248 | acc: 0.7327 | prec: 0.8481 | rec: 0.5074 | F1: 0.6349 | AUC: 0.8229
Epoch 13/20 | Train loss: 0.4890 | Val loss: 0.4987 | acc: 0.7432 | prec: 0.7048 | rec: 0.7562 | F1: 0.7296 | AUC: 0.8291
Epoch 14/20 | Train loss: 0.4787 | Val loss: 0.4785 | acc: 0.7664 | prec: 0.7857 | rec: 0.6739 | F1: 0.7255 | AUC: 0.8417
  -> New best AUC 0.8417, checkpoint saved.
Epoch 15/20 | Train loss: 0.4645 | Val loss: 0.4656 | acc: 0.7678 | prec: 0.7617 | rec: 0.7177 | F1: 0.7391 | AUC: 0.8458
  -> New best AUC 0.8458, checkpoint saved.
Epoch 16/20 | Train loss: 0.4547 | Val loss: 0.4564 | acc: 0.7733 | prec: 0.7661 | rec: 0.7272 | F1: 0.7462 | AUC: 0.8540
  -> New best AUC 0.8540, checkpoint saved.
Epoch 17/20 | Train loss: 0.4475 | Val loss: 0.4429 | acc: 0.7836 | prec: 0.8009 | rec: 0.7021 | F1: 0.7483 | AUC: 0.8589
  -> New best AUC 0.8589, checkpoint saved.
Epoch 18/20 | Train loss: 0.4392 | Val loss: 0.4502 | acc: 0.7837 | prec: 0.8085 | rec: 0.6916 | F1: 0.7455 | AUC: 0.8583
Epoch 19/20 | Train loss: 0.4320 | Val loss: 0.4405 | acc: 0.7842 | prec: 0.7922 | rec: 0.7171 | F1: 0.7528 | AUC: 0.8604
  -> New best AUC 0.8604, checkpoint saved.
Epoch 20/20 | Train loss: 0.4254 | Val loss: 0.4409 | acc: 0.7837 | prec: 0.7979 | rec: 0.7068 | F1: 0.7496 | AUC: 0.8620
  -> New best AUC 0.8620, checkpoint saved.

Loading best checkpoint for test evaluation ...
Test | loss: 0.6303 | acc: 0.6778 | prec: 0.7420 | rec: 0.4782 | F1: 0.5816 | AUC: 0.7571
