=== alexnet_wave_intermediate_pos0.5_neg0.3 | p_pos=0.5, p_neg=0.3 | shape=wave size=20 blend=(0.6, 0.8) | epochs=20 ===
Epoch 01/20 | Train loss: 0.6410 | Val loss: 0.6313 | acc: 0.6446 | prec: 0.6767 | rec: 0.4296 | F1: 0.5255 | AUC: 0.7118
  -> New best AUC 0.7118, checkpoint saved.
Epoch 02/20 | Train loss: 0.6160 | Val loss: 0.6200 | acc: 0.6651 | prec: 0.6612 | rec: 0.5519 | F1: 0.6016 | AUC: 0.7175
  -> New best AUC 0.7175, checkpoint saved.
Epoch 03/20 | Train loss: 0.6089 | Val loss: 0.6243 | acc: 0.6721 | prec: 0.6589 | rec: 0.5893 | F1: 0.6222 | AUC: 0.7245
  -> New best AUC 0.7245, checkpoint saved.
Epoch 04/20 | Train loss: 0.6034 | Val loss: 0.6086 | acc: 0.6732 | prec: 0.6908 | rec: 0.5191 | F1: 0.5928 | AUC: 0.7331
  -> New best AUC 0.7331, checkpoint saved.
Epoch 05/20 | Train loss: 0.5985 | Val loss: 0.5999 | acc: 0.6894 | prec: 0.6653 | rec: 0.6481 | F1: 0.6565 | AUC: 0.7415
  -> New best AUC 0.7415, checkpoint saved.
Epoch 06/20 | Train loss: 0.5943 | Val loss: 0.6017 | acc: 0.6854 | prec: 0.6840 | rec: 0.5821 | F1: 0.6290 | AUC: 0.7398
Epoch 07/20 | Train loss: 0.5896 | Val loss: 0.5951 | acc: 0.6906 | prec: 0.6725 | rec: 0.6329 | F1: 0.6521 | AUC: 0.7456
  -> New best AUC 0.7456, checkpoint saved.
Epoch 08/20 | Train loss: 0.5839 | Val loss: 0.5908 | acc: 0.6956 | prec: 0.6674 | rec: 0.6689 | F1: 0.6682 | AUC: 0.7518
  -> New best AUC 0.7518, checkpoint saved.
Epoch 09/20 | Train loss: 0.5804 | Val loss: 0.5915 | acc: 0.6968 | prec: 0.6674 | rec: 0.6739 | F1: 0.6707 | AUC: 0.7507
Epoch 10/20 | Train loss: 0.5773 | Val loss: 0.5909 | acc: 0.6984 | prec: 0.6774 | rec: 0.6523 | F1: 0.6646 | AUC: 0.7513
Epoch 11/20 | Train loss: 0.5974 | Val loss: 0.6354 | acc: 0.6373 | prec: 0.5693 | rec: 0.8560 | F1: 0.6838 | AUC: 0.7394
Epoch 12/20 | Train loss: 0.5960 | Val loss: 0.6331 | acc: 0.6698 | prec: 0.7162 | rec: 0.4625 | F1: 0.5620 | AUC: 0.7432
Epoch 13/20 | Train loss: 0.5932 | Val loss: 0.6081 | acc: 0.6782 | prec: 0.6210 | rec: 0.7640 | F1: 0.6851 | AUC: 0.7492
Epoch 14/20 | Train loss: 0.5901 | Val loss: 0.6044 | acc: 0.6835 | prec: 0.6300 | rec: 0.7490 | F1: 0.6844 | AUC: 0.7486
Epoch 15/20 | Train loss: 0.5876 | Val loss: 0.6307 | acc: 0.6489 | prec: 0.5806 | rec: 0.8412 | F1: 0.6871 | AUC: 0.7414
Epoch 16/20 | Train loss: 0.5834 | Val loss: 0.5953 | acc: 0.6936 | prec: 0.6677 | rec: 0.6597 | F1: 0.6637 | AUC: 0.7504
Epoch 17/20 | Train loss: 0.5785 | Val loss: 0.5887 | acc: 0.6962 | prec: 0.6658 | rec: 0.6767 | F1: 0.6712 | AUC: 0.7549
  -> New best AUC 0.7549, checkpoint saved.
Epoch 18/20 | Train loss: 0.5749 | Val loss: 0.5900 | acc: 0.6999 | prec: 0.6912 | rec: 0.6235 | F1: 0.6556 | AUC: 0.7564
  -> New best AUC 0.7564, checkpoint saved.
Epoch 19/20 | Train loss: 0.5700 | Val loss: 0.5855 | acc: 0.6994 | prec: 0.6872 | rec: 0.6313 | F1: 0.6581 | AUC: 0.7580
  -> New best AUC 0.7580, checkpoint saved.
Epoch 20/20 | Train loss: 0.5685 | Val loss: 0.5883 | acc: 0.7012 | prec: 0.6715 | rec: 0.6809 | F1: 0.6762 | AUC: 0.7562

Loading best checkpoint for test evaluation ...
Test | loss: 0.5940 | acc: 0.6966 | prec: 0.7165 | rec: 0.5826 | F1: 0.6427 | AUC: 0.7576
