=== alexnet_circle_intermediate_pos0.5_neg0.0 | p_pos=0.5, p_neg=0.0 | shape=circle size=20 blend=(0.6, 0.8) | epochs=20 ===
Epoch 01/20 | Train loss: 0.6230 | Val loss: 0.5744 | acc: 0.6913 | prec: 0.7865 | rec: 0.4479 | F1: 0.5707 | AUC: 0.7800
  -> New best AUC 0.7800, checkpoint saved.
Epoch 02/20 | Train loss: 0.4880 | Val loss: 0.5224 | acc: 0.7320 | prec: 0.6716 | rec: 0.8121 | F1: 0.7352 | AUC: 0.8349
  -> New best AUC 0.8349, checkpoint saved.
Epoch 03/20 | Train loss: 0.4515 | Val loss: 0.4964 | acc: 0.7669 | prec: 0.9130 | rec: 0.5430 | F1: 0.6810 | AUC: 0.8523
  -> New best AUC 0.8523, checkpoint saved.
Epoch 04/20 | Train loss: 0.4393 | Val loss: 0.4855 | acc: 0.7515 | prec: 0.7420 | rec: 0.7016 | F1: 0.7212 | AUC: 0.8357
Epoch 05/20 | Train loss: 0.4311 | Val loss: 0.4230 | acc: 0.7888 | prec: 0.8390 | rec: 0.6671 | F1: 0.7433 | AUC: 0.8631
  -> New best AUC 0.8631, checkpoint saved.
Epoch 06/20 | Train loss: 0.4261 | Val loss: 0.4208 | acc: 0.7885 | prec: 0.8370 | rec: 0.6685 | F1: 0.7433 | AUC: 0.8629
Epoch 07/20 | Train loss: 0.4170 | Val loss: 0.4179 | acc: 0.7904 | prec: 0.8227 | rec: 0.6914 | F1: 0.7514 | AUC: 0.8663
  -> New best AUC 0.8663, checkpoint saved.
Epoch 08/20 | Train loss: 0.4150 | Val loss: 0.4146 | acc: 0.7946 | prec: 0.8273 | rec: 0.6973 | F1: 0.7568 | AUC: 0.8719
  -> New best AUC 0.8719, checkpoint saved.
Epoch 09/20 | Train loss: 0.4077 | Val loss: 0.4213 | acc: 0.7863 | prec: 0.7974 | rec: 0.7154 | F1: 0.7542 | AUC: 0.8649
Epoch 10/20 | Train loss: 0.4050 | Val loss: 0.4119 | acc: 0.7918 | prec: 0.8001 | rec: 0.7272 | F1: 0.7619 | AUC: 0.8728
  -> New best AUC 0.8728, checkpoint saved.
Epoch 11/20 | Train loss: 0.4318 | Val loss: 0.4342 | acc: 0.7789 | prec: 0.8245 | rec: 0.6572 | F1: 0.7314 | AUC: 0.8572
Epoch 12/20 | Train loss: 0.4291 | Val loss: 0.4321 | acc: 0.7834 | prec: 0.8159 | rec: 0.6809 | F1: 0.7423 | AUC: 0.8599
Epoch 13/20 | Train loss: 0.4260 | Val loss: 0.4178 | acc: 0.7912 | prec: 0.8017 | rec: 0.7230 | F1: 0.7603 | AUC: 0.8673
Epoch 14/20 | Train loss: 0.4234 | Val loss: 0.4133 | acc: 0.7925 | prec: 0.7985 | rec: 0.7317 | F1: 0.7637 | AUC: 0.8704
Epoch 15/20 | Train loss: 0.4165 | Val loss: 0.4211 | acc: 0.7910 | prec: 0.7855 | rec: 0.7481 | F1: 0.7663 | AUC: 0.8679
Epoch 16/20 | Train loss: 0.4131 | Val loss: 0.4259 | acc: 0.7873 | prec: 0.7807 | rec: 0.7451 | F1: 0.7625 | AUC: 0.8676
Epoch 17/20 | Train loss: 0.4127 | Val loss: 0.4193 | acc: 0.7915 | prec: 0.8337 | rec: 0.6807 | F1: 0.7495 | AUC: 0.8686
Epoch 18/20 | Train loss: 0.4054 | Val loss: 0.4207 | acc: 0.7871 | prec: 0.7888 | rec: 0.7309 | F1: 0.7588 | AUC: 0.8658
Epoch 19/20 | Train loss: 0.4016 | Val loss: 0.4064 | acc: 0.7975 | prec: 0.8197 | rec: 0.7154 | F1: 0.7640 | AUC: 0.8739
  -> New best AUC 0.8739, checkpoint saved.
Epoch 20/20 | Train loss: 0.3995 | Val loss: 0.4137 | acc: 0.7986 | prec: 0.8321 | rec: 0.7019 | F1: 0.7615 | AUC: 0.8712

Loading best checkpoint for test evaluation ...
Test | loss: 0.6393 | acc: 0.6685 | prec: 0.7516 | rec: 0.4362 | F1: 0.5520 | AUC: 0.7577
