=== inceptionv3_wave_intermediate_pos0.0_neg0.5 | p_pos=0.0, p_neg=0.5 | shape=wave size=20 blend=(0.6, 0.8) | epochs=20 ===
Epoch 01/20 | Train loss: 0.5700 | Val loss: 0.4631 | acc: 0.7436 | prec: 0.6579 | rec: 0.9175 | F1: 0.7663 | AUC: 0.8337
  -> New best AUC 0.8337, checkpoint saved.
Epoch 02/20 | Train loss: 0.4572 | Val loss: 0.4502 | acc: 0.7660 | prec: 0.7260 | rec: 0.7858 | F1: 0.7547 | AUC: 0.8518
  -> New best AUC 0.8518, checkpoint saved.
Epoch 03/20 | Train loss: 0.4400 | Val loss: 0.4381 | acc: 0.7731 | prec: 0.7311 | rec: 0.7982 | F1: 0.7632 | AUC: 0.8587
  -> New best AUC 0.8587, checkpoint saved.
Epoch 04/20 | Train loss: 0.4336 | Val loss: 0.4272 | acc: 0.7805 | prec: 0.7432 | rec: 0.7957 | F1: 0.7686 | AUC: 0.8647
  -> New best AUC 0.8647, checkpoint saved.
Epoch 05/20 | Train loss: 0.4278 | Val loss: 0.4189 | acc: 0.7870 | prec: 0.7618 | rec: 0.7784 | F1: 0.7700 | AUC: 0.8702
  -> New best AUC 0.8702, checkpoint saved.
Epoch 06/20 | Train loss: 0.4208 | Val loss: 0.4286 | acc: 0.7763 | prec: 0.7758 | rec: 0.7196 | F1: 0.7467 | AUC: 0.8677
Epoch 07/20 | Train loss: 0.4188 | Val loss: 0.4153 | acc: 0.7900 | prec: 0.7458 | rec: 0.8216 | F1: 0.7819 | AUC: 0.8733
  -> New best AUC 0.8733, checkpoint saved.
Epoch 08/20 | Train loss: 0.4145 | Val loss: 0.4081 | acc: 0.7949 | prec: 0.7596 | rec: 0.8080 | F1: 0.7831 | AUC: 0.8793
  -> New best AUC 0.8793, checkpoint saved.
Epoch 09/20 | Train loss: 0.4094 | Val loss: 0.4248 | acc: 0.7862 | prec: 0.7582 | rec: 0.7829 | F1: 0.7704 | AUC: 0.8687
Epoch 10/20 | Train loss: 0.4074 | Val loss: 0.4149 | acc: 0.7911 | prec: 0.7569 | rec: 0.8014 | F1: 0.7785 | AUC: 0.8764
Epoch 11/20 | Train loss: 0.4250 | Val loss: 0.4250 | acc: 0.7765 | prec: 0.7807 | rec: 0.7121 | F1: 0.7448 | AUC: 0.8696
Epoch 12/20 | Train loss: 0.4208 | Val loss: 0.4366 | acc: 0.7841 | prec: 0.7725 | rec: 0.7496 | F1: 0.7609 | AUC: 0.8699
Epoch 13/20 | Train loss: 0.4195 | Val loss: 0.4122 | acc: 0.7937 | prec: 0.7610 | rec: 0.8012 | F1: 0.7806 | AUC: 0.8762
Epoch 14/20 | Train loss: 0.4184 | Val loss: 0.4199 | acc: 0.7858 | prec: 0.7657 | rec: 0.7673 | F1: 0.7665 | AUC: 0.8714
Epoch 15/20 | Train loss: 0.4155 | Val loss: 0.4184 | acc: 0.7907 | prec: 0.7750 | rec: 0.7654 | F1: 0.7702 | AUC: 0.8764
Epoch 16/20 | Train loss: 0.4121 | Val loss: 0.4240 | acc: 0.7868 | prec: 0.7738 | rec: 0.7554 | F1: 0.7645 | AUC: 0.8728
Epoch 17/20 | Train loss: 0.4063 | Val loss: 0.4115 | acc: 0.7930 | prec: 0.7445 | rec: 0.8346 | F1: 0.7870 | AUC: 0.8791
Epoch 18/20 | Train loss: 0.4033 | Val loss: 0.4131 | acc: 0.7929 | prec: 0.7477 | rec: 0.8268 | F1: 0.7853 | AUC: 0.8784
Epoch 19/20 | Train loss: 0.4009 | Val loss: 0.4052 | acc: 0.8001 | prec: 0.7673 | rec: 0.8089 | F1: 0.7876 | AUC: 0.8817
  -> New best AUC 0.8817, checkpoint saved.
Epoch 20/20 | Train loss: 0.3975 | Val loss: 0.4067 | acc: 0.7988 | prec: 0.7636 | rec: 0.8125 | F1: 0.7873 | AUC: 0.8814

Loading best checkpoint for test evaluation ...
Test | loss: 0.6138 | acc: 0.6863 | prec: 0.6264 | rec: 0.8177 | F1: 0.7094 | AUC: 0.7675
