=== inceptionv3_wave_intermediate_pos0.5_neg0.0 | p_pos=0.5, p_neg=0.0 | shape=wave size=20 blend=(0.6, 0.8) | epochs=20 ===
Epoch 01/20 | Train loss: 0.5113 | Val loss: 0.4449 | acc: 0.7717 | prec: 0.8008 | rec: 0.6679 | F1: 0.7283 | AUC: 0.8453
  -> New best AUC 0.8453, checkpoint saved.
Epoch 02/20 | Train loss: 0.4467 | Val loss: 0.4350 | acc: 0.7799 | prec: 0.8241 | rec: 0.6607 | F1: 0.7334 | AUC: 0.8513
  -> New best AUC 0.8513, checkpoint saved.
Epoch 03/20 | Train loss: 0.4359 | Val loss: 0.4252 | acc: 0.7819 | prec: 0.7990 | rec: 0.7000 | F1: 0.7462 | AUC: 0.8589
  -> New best AUC 0.8589, checkpoint saved.
Epoch 04/20 | Train loss: 0.4237 | Val loss: 0.4212 | acc: 0.7840 | prec: 0.8679 | rec: 0.6235 | F1: 0.7257 | AUC: 0.8622
  -> New best AUC 0.8622, checkpoint saved.
Epoch 05/20 | Train loss: 0.4199 | Val loss: 0.4224 | acc: 0.7910 | prec: 0.8242 | rec: 0.6912 | F1: 0.7519 | AUC: 0.8644
  -> New best AUC 0.8644, checkpoint saved.
Epoch 06/20 | Train loss: 0.4145 | Val loss: 0.4112 | acc: 0.7909 | prec: 0.7935 | rec: 0.7348 | F1: 0.7630 | AUC: 0.8704
  -> New best AUC 0.8704, checkpoint saved.
Epoch 07/20 | Train loss: 0.4099 | Val loss: 0.4080 | acc: 0.7955 | prec: 0.8218 | rec: 0.7070 | F1: 0.7601 | AUC: 0.8714
  -> New best AUC 0.8714, checkpoint saved.
Epoch 08/20 | Train loss: 0.4076 | Val loss: 0.4046 | acc: 0.8002 | prec: 0.8128 | rec: 0.7325 | F1: 0.7706 | AUC: 0.8759
  -> New best AUC 0.8759, checkpoint saved.
Epoch 09/20 | Train loss: 0.4039 | Val loss: 0.4124 | acc: 0.7947 | prec: 0.8168 | rec: 0.7115 | F1: 0.7605 | AUC: 0.8713
Epoch 10/20 | Train loss: 0.4011 | Val loss: 0.3994 | acc: 0.7992 | prec: 0.8114 | rec: 0.7317 | F1: 0.7695 | AUC: 0.8800
  -> New best AUC 0.8800, checkpoint saved.
Epoch 11/20 | Train loss: 0.4174 | Val loss: 0.4181 | acc: 0.7908 | prec: 0.8434 | rec: 0.6673 | F1: 0.7451 | AUC: 0.8642
Epoch 12/20 | Train loss: 0.4128 | Val loss: 0.4096 | acc: 0.7953 | prec: 0.7939 | rec: 0.7473 | F1: 0.7699 | AUC: 0.8718
Epoch 13/20 | Train loss: 0.4132 | Val loss: 0.4106 | acc: 0.7954 | prec: 0.7997 | rec: 0.7385 | F1: 0.7679 | AUC: 0.8710
Epoch 14/20 | Train loss: 0.4097 | Val loss: 0.4023 | acc: 0.7981 | prec: 0.8107 | rec: 0.7298 | F1: 0.7681 | AUC: 0.8775
Epoch 15/20 | Train loss: 0.4067 | Val loss: 0.4108 | acc: 0.7981 | prec: 0.8655 | rec: 0.6623 | F1: 0.7504 | AUC: 0.8727
Epoch 16/20 | Train loss: 0.3990 | Val loss: 0.4112 | acc: 0.7961 | prec: 0.8107 | rec: 0.7239 | F1: 0.7649 | AUC: 0.8743
Epoch 17/20 | Train loss: 0.4015 | Val loss: 0.4101 | acc: 0.7968 | prec: 0.8243 | rec: 0.7072 | F1: 0.7613 | AUC: 0.8738
Epoch 18/20 | Train loss: 0.3969 | Val loss: 0.4137 | acc: 0.7959 | prec: 0.8001 | rec: 0.7391 | F1: 0.7684 | AUC: 0.8717
Epoch 19/20 | Train loss: 0.3941 | Val loss: 0.3983 | acc: 0.8008 | prec: 0.8249 | rec: 0.7175 | F1: 0.7675 | AUC: 0.8805
  -> New best AUC 0.8805, checkpoint saved.
Epoch 20/20 | Train loss: 0.3950 | Val loss: 0.4036 | acc: 0.8012 | prec: 0.8113 | rec: 0.7377 | F1: 0.7728 | AUC: 0.8782

Loading best checkpoint for test evaluation ...
Test | loss: 0.6363 | acc: 0.6764 | prec: 0.7600 | rec: 0.4516 | F1: 0.5665 | AUC: 0.7662
