=== inceptionv3_wave_obvious_pos0.0_neg0.5 | p_pos=0.0, p_neg=0.5 | shape=wave size=35 blend=(0.8, 1.0) | epochs=20 ===
Epoch 01/20 | Train loss: 0.4845 | Val loss: 0.4529 | acc: 0.7491 | prec: 0.6648 | rec: 0.9125 | F1: 0.7692 | AUC: 0.8426
  -> New best AUC 0.8426, checkpoint saved.
Epoch 02/20 | Train loss: 0.4433 | Val loss: 0.4306 | acc: 0.7763 | prec: 0.7339 | rec: 0.8027 | F1: 0.7668 | AUC: 0.8604
  -> New best AUC 0.8604, checkpoint saved.
Epoch 03/20 | Train loss: 0.4342 | Val loss: 0.4359 | acc: 0.7760 | prec: 0.7129 | rec: 0.8556 | F1: 0.7778 | AUC: 0.8625
  -> New best AUC 0.8625, checkpoint saved.
Epoch 04/20 | Train loss: 0.4283 | Val loss: 0.4377 | acc: 0.7754 | prec: 0.7593 | rec: 0.7463 | F1: 0.7527 | AUC: 0.8647
  -> New best AUC 0.8647, checkpoint saved.
Epoch 05/20 | Train loss: 0.4243 | Val loss: 0.4211 | acc: 0.7849 | prec: 0.7325 | rec: 0.8358 | F1: 0.7807 | AUC: 0.8687
  -> New best AUC 0.8687, checkpoint saved.
Epoch 06/20 | Train loss: 0.4184 | Val loss: 0.4191 | acc: 0.7863 | prec: 0.7670 | rec: 0.7661 | F1: 0.7666 | AUC: 0.8719
  -> New best AUC 0.8719, checkpoint saved.
Epoch 07/20 | Train loss: 0.4145 | Val loss: 0.4104 | acc: 0.7894 | prec: 0.7536 | rec: 0.8027 | F1: 0.7774 | AUC: 0.8767
  -> New best AUC 0.8767, checkpoint saved.
Epoch 08/20 | Train loss: 0.4097 | Val loss: 0.4158 | acc: 0.7896 | prec: 0.7541 | rec: 0.8025 | F1: 0.7776 | AUC: 0.8737
Epoch 09/20 | Train loss: 0.4070 | Val loss: 0.4081 | acc: 0.7927 | prec: 0.7589 | rec: 0.8023 | F1: 0.7800 | AUC: 0.8797
  -> New best AUC 0.8797, checkpoint saved.
Epoch 10/20 | Train loss: 0.4049 | Val loss: 0.4126 | acc: 0.7899 | prec: 0.7466 | rec: 0.8196 | F1: 0.7814 | AUC: 0.8776
Epoch 11/20 | Train loss: 0.4203 | Val loss: 0.4251 | acc: 0.7812 | prec: 0.7574 | rec: 0.7685 | F1: 0.7629 | AUC: 0.8673
Epoch 12/20 | Train loss: 0.4179 | Val loss: 0.4161 | acc: 0.7866 | prec: 0.7429 | rec: 0.8169 | F1: 0.7782 | AUC: 0.8732
Epoch 13/20 | Train loss: 0.4172 | Val loss: 0.4117 | acc: 0.7920 | prec: 0.7599 | rec: 0.7981 | F1: 0.7785 | AUC: 0.8761
Epoch 14/20 | Train loss: 0.4117 | Val loss: 0.4186 | acc: 0.7897 | prec: 0.7484 | rec: 0.8150 | F1: 0.7803 | AUC: 0.8722
Epoch 15/20 | Train loss: 0.4129 | Val loss: 0.4175 | acc: 0.7871 | prec: 0.7801 | rec: 0.7453 | F1: 0.7623 | AUC: 0.8753
Epoch 16/20 | Train loss: 0.4040 | Val loss: 0.4102 | acc: 0.7929 | prec: 0.7767 | rec: 0.7693 | F1: 0.7729 | AUC: 0.8799
  -> New best AUC 0.8799, checkpoint saved.
Epoch 17/20 | Train loss: 0.4057 | Val loss: 0.4141 | acc: 0.7882 | prec: 0.7379 | rec: 0.8340 | F1: 0.7830 | AUC: 0.8769
Epoch 18/20 | Train loss: 0.4015 | Val loss: 0.4113 | acc: 0.7957 | prec: 0.7520 | rec: 0.8267 | F1: 0.7876 | AUC: 0.8794
Epoch 19/20 | Train loss: 0.3963 | Val loss: 0.4103 | acc: 0.7916 | prec: 0.7589 | rec: 0.7990 | F1: 0.7784 | AUC: 0.8785
Epoch 20/20 | Train loss: 0.3952 | Val loss: 0.4093 | acc: 0.7932 | prec: 0.7557 | rec: 0.8107 | F1: 0.7822 | AUC: 0.8803
  -> New best AUC 0.8803, checkpoint saved.

Loading best checkpoint for test evaluation ...
Test | loss: 0.6263 | acc: 0.6843 | prec: 0.6231 | rec: 0.8244 | F1: 0.7097 | AUC: 0.7682
