=== inceptionv3_circle_intermediate_pos0.0_neg0.5 | p_pos=0.0, p_neg=0.5 | shape=circle size=20 blend=(0.6, 0.8) | epochs=20 ===
Epoch 01/20 | Train loss: 0.5504 | Val loss: 0.4474 | acc: 0.7598 | prec: 0.6909 | rec: 0.8607 | F1: 0.7665 | AUC: 0.8469
  -> New best AUC 0.8469, checkpoint saved.
Epoch 02/20 | Train loss: 0.4474 | Val loss: 0.4346 | acc: 0.7708 | prec: 0.7591 | rec: 0.7321 | F1: 0.7454 | AUC: 0.8587
  -> New best AUC 0.8587, checkpoint saved.
Epoch 03/20 | Train loss: 0.4345 | Val loss: 0.4301 | acc: 0.7787 | prec: 0.7325 | rec: 0.8142 | F1: 0.7712 | AUC: 0.8624
  -> New best AUC 0.8624, checkpoint saved.
Epoch 04/20 | Train loss: 0.4302 | Val loss: 0.4250 | acc: 0.7805 | prec: 0.7466 | rec: 0.7883 | F1: 0.7669 | AUC: 0.8664
  -> New best AUC 0.8664, checkpoint saved.
Epoch 05/20 | Train loss: 0.4249 | Val loss: 0.4206 | acc: 0.7871 | prec: 0.7403 | rec: 0.8247 | F1: 0.7802 | AUC: 0.8703
  -> New best AUC 0.8703, checkpoint saved.
Epoch 06/20 | Train loss: 0.4184 | Val loss: 0.4195 | acc: 0.7862 | prec: 0.7698 | rec: 0.7607 | F1: 0.7652 | AUC: 0.8713
  -> New best AUC 0.8713, checkpoint saved.
Epoch 07/20 | Train loss: 0.4163 | Val loss: 0.4120 | acc: 0.7915 | prec: 0.7517 | rec: 0.8138 | F1: 0.7815 | AUC: 0.8747
  -> New best AUC 0.8747, checkpoint saved.
Epoch 08/20 | Train loss: 0.4116 | Val loss: 0.4064 | acc: 0.7964 | prec: 0.7630 | rec: 0.8060 | F1: 0.7839 | AUC: 0.8803
  -> New best AUC 0.8803, checkpoint saved.
Epoch 09/20 | Train loss: 0.4056 | Val loss: 0.4224 | acc: 0.7884 | prec: 0.7574 | rec: 0.7916 | F1: 0.7742 | AUC: 0.8706
Epoch 10/20 | Train loss: 0.4046 | Val loss: 0.4098 | acc: 0.7961 | prec: 0.7595 | rec: 0.8123 | F1: 0.7850 | AUC: 0.8788
Epoch 11/20 | Train loss: 0.4223 | Val loss: 0.4765 | acc: 0.7816 | prec: 0.7672 | rec: 0.7514 | F1: 0.7592 | AUC: 0.8691
Epoch 12/20 | Train loss: 0.4191 | Val loss: 0.4603 | acc: 0.7831 | prec: 0.7820 | rec: 0.7302 | F1: 0.7552 | AUC: 0.8704
Epoch 13/20 | Train loss: 0.4172 | Val loss: 0.4127 | acc: 0.7921 | prec: 0.7718 | rec: 0.7757 | F1: 0.7737 | AUC: 0.8759
Epoch 14/20 | Train loss: 0.4161 | Val loss: 0.4213 | acc: 0.7829 | prec: 0.7389 | rec: 0.8136 | F1: 0.7744 | AUC: 0.8698
Epoch 15/20 | Train loss: 0.4140 | Val loss: 0.4251 | acc: 0.7814 | prec: 0.7966 | rec: 0.7023 | F1: 0.7465 | AUC: 0.8761
Epoch 16/20 | Train loss: 0.4108 | Val loss: 0.4201 | acc: 0.7897 | prec: 0.7663 | rec: 0.7784 | F1: 0.7723 | AUC: 0.8727
Epoch 17/20 | Train loss: 0.4052 | Val loss: 0.4096 | acc: 0.7953 | prec: 0.7602 | rec: 0.8080 | F1: 0.7834 | AUC: 0.8798
Epoch 18/20 | Train loss: 0.4016 | Val loss: 0.4129 | acc: 0.7950 | prec: 0.7464 | rec: 0.8368 | F1: 0.7890 | AUC: 0.8779
Epoch 19/20 | Train loss: 0.3989 | Val loss: 0.4049 | acc: 0.7980 | prec: 0.7648 | rec: 0.8074 | F1: 0.7855 | AUC: 0.8812
  -> New best AUC 0.8812, checkpoint saved.
Epoch 20/20 | Train loss: 0.3958 | Val loss: 0.4048 | acc: 0.8011 | prec: 0.7665 | rec: 0.8136 | F1: 0.7894 | AUC: 0.8828
  -> New best AUC 0.8828, checkpoint saved.

Loading best checkpoint for test evaluation ...
Test | loss: 0.6260 | acc: 0.6813 | prec: 0.6207 | rec: 0.8209 | F1: 0.7069 | AUC: 0.7678
