=== inceptionv3_circle_intermediate_pos0.5_neg0.0 | p_pos=0.5, p_neg=0.0 | shape=circle size=20 blend=(0.6, 0.8) | epochs=20 ===
Epoch 01/20 | Train loss: 0.5438 | Val loss: 0.4329 | acc: 0.7825 | prec: 0.8540 | rec: 0.6337 | F1: 0.7275 | AUC: 0.8557
  -> New best AUC 0.8557, checkpoint saved.
Epoch 02/20 | Train loss: 0.4364 | Val loss: 0.4353 | acc: 0.7814 | prec: 0.7913 | rec: 0.7103 | F1: 0.7486 | AUC: 0.8521
Epoch 03/20 | Train loss: 0.4280 | Val loss: 0.4288 | acc: 0.7826 | prec: 0.8015 | rec: 0.6984 | F1: 0.7464 | AUC: 0.8588
  -> New best AUC 0.8588, checkpoint saved.
Epoch 04/20 | Train loss: 0.4188 | Val loss: 0.4217 | acc: 0.7823 | prec: 0.8716 | rec: 0.6156 | F1: 0.7216 | AUC: 0.8651
  -> New best AUC 0.8651, checkpoint saved.
Epoch 05/20 | Train loss: 0.4155 | Val loss: 0.4185 | acc: 0.7917 | prec: 0.8465 | rec: 0.6661 | F1: 0.7456 | AUC: 0.8662
  -> New best AUC 0.8662, checkpoint saved.
Epoch 06/20 | Train loss: 0.4121 | Val loss: 0.4135 | acc: 0.7986 | prec: 0.8216 | rec: 0.7158 | F1: 0.7650 | AUC: 0.8719
  -> New best AUC 0.8719, checkpoint saved.
Epoch 07/20 | Train loss: 0.4071 | Val loss: 0.4049 | acc: 0.8007 | prec: 0.8479 | rec: 0.6885 | F1: 0.7599 | AUC: 0.8745
  -> New best AUC 0.8745, checkpoint saved.
Epoch 08/20 | Train loss: 0.4050 | Val loss: 0.3995 | acc: 0.8009 | prec: 0.8130 | rec: 0.7342 | F1: 0.7716 | AUC: 0.8797
  -> New best AUC 0.8797, checkpoint saved.
Epoch 09/20 | Train loss: 0.4007 | Val loss: 0.4086 | acc: 0.7978 | prec: 0.8054 | rec: 0.7366 | F1: 0.7694 | AUC: 0.8737
Epoch 10/20 | Train loss: 0.3990 | Val loss: 0.3972 | acc: 0.8011 | prec: 0.8090 | rec: 0.7407 | F1: 0.7733 | AUC: 0.8817
  -> New best AUC 0.8817, checkpoint saved.
Epoch 11/20 | Train loss: 0.4150 | Val loss: 0.4239 | acc: 0.7896 | prec: 0.8597 | rec: 0.6463 | F1: 0.7379 | AUC: 0.8664
Epoch 12/20 | Train loss: 0.4103 | Val loss: 0.4059 | acc: 0.7972 | prec: 0.8200 | rec: 0.7142 | F1: 0.7634 | AUC: 0.8735
Epoch 13/20 | Train loss: 0.4108 | Val loss: 0.4073 | acc: 0.7965 | prec: 0.8032 | rec: 0.7362 | F1: 0.7682 | AUC: 0.8735
Epoch 14/20 | Train loss: 0.4076 | Val loss: 0.3992 | acc: 0.8007 | prec: 0.8052 | rec: 0.7453 | F1: 0.7741 | AUC: 0.8798
Epoch 15/20 | Train loss: 0.4049 | Val loss: 0.4070 | acc: 0.8018 | prec: 0.8535 | rec: 0.6848 | F1: 0.7599 | AUC: 0.8749
Epoch 16/20 | Train loss: 0.3975 | Val loss: 0.4077 | acc: 0.7968 | prec: 0.8049 | rec: 0.7344 | F1: 0.7681 | AUC: 0.8756
Epoch 17/20 | Train loss: 0.3999 | Val loss: 0.4092 | acc: 0.7994 | prec: 0.8021 | rec: 0.7461 | F1: 0.7731 | AUC: 0.8744
Epoch 18/20 | Train loss: 0.3941 | Val loss: 0.4136 | acc: 0.7952 | prec: 0.7953 | rec: 0.7446 | F1: 0.7691 | AUC: 0.8724
Epoch 19/20 | Train loss: 0.3922 | Val loss: 0.3977 | acc: 0.8045 | prec: 0.8256 | rec: 0.7268 | F1: 0.7731 | AUC: 0.8812
Epoch 20/20 | Train loss: 0.3917 | Val loss: 0.4019 | acc: 0.8032 | prec: 0.8159 | rec: 0.7366 | F1: 0.7742 | AUC: 0.8798

Loading best checkpoint for test evaluation ...
Test | loss: 0.6258 | acc: 0.6835 | prec: 0.7498 | rec: 0.4864 | F1: 0.5901 | AUC: 0.7635
