=== inceptionv3_circle_obvious_pos0.0_neg0.5 | p_pos=0.0, p_neg=0.5 | shape=circle size=35 blend=(0.8, 1.0) | epochs=20 ===
Epoch 01/20 | Train loss: 0.4734 | Val loss: 0.4414 | acc: 0.7653 | prec: 0.6999 | rec: 0.8539 | F1: 0.7693 | AUC: 0.8534
  -> New best AUC 0.8534, checkpoint saved.
Epoch 02/20 | Train loss: 0.4371 | Val loss: 0.4277 | acc: 0.7757 | prec: 0.7317 | rec: 0.8060 | F1: 0.7671 | AUC: 0.8616
  -> New best AUC 0.8616, checkpoint saved.
Epoch 03/20 | Train loss: 0.4293 | Val loss: 0.4343 | acc: 0.7789 | prec: 0.7309 | rec: 0.8187 | F1: 0.7723 | AUC: 0.8632
  -> New best AUC 0.8632, checkpoint saved.
Epoch 04/20 | Train loss: 0.4262 | Val loss: 0.4286 | acc: 0.7729 | prec: 0.7860 | rec: 0.6930 | F1: 0.7366 | AUC: 0.8679
  -> New best AUC 0.8679, checkpoint saved.
Epoch 05/20 | Train loss: 0.4213 | Val loss: 0.4195 | acc: 0.7845 | prec: 0.7376 | rec: 0.8220 | F1: 0.7775 | AUC: 0.8709
  -> New best AUC 0.8709, checkpoint saved.
Epoch 06/20 | Train loss: 0.4169 | Val loss: 0.4200 | acc: 0.7872 | prec: 0.7633 | rec: 0.7763 | F1: 0.7698 | AUC: 0.8717
  -> New best AUC 0.8717, checkpoint saved.
Epoch 07/20 | Train loss: 0.4121 | Val loss: 0.4106 | acc: 0.7908 | prec: 0.7558 | rec: 0.8027 | F1: 0.7786 | AUC: 0.8765
  -> New best AUC 0.8765, checkpoint saved.
Epoch 08/20 | Train loss: 0.4076 | Val loss: 0.4151 | acc: 0.7922 | prec: 0.7500 | rec: 0.8198 | F1: 0.7833 | AUC: 0.8747
Epoch 09/20 | Train loss: 0.4051 | Val loss: 0.4071 | acc: 0.7953 | prec: 0.7636 | rec: 0.8012 | F1: 0.7819 | AUC: 0.8801
  -> New best AUC 0.8801, checkpoint saved.
Epoch 10/20 | Train loss: 0.4039 | Val loss: 0.4135 | acc: 0.7928 | prec: 0.7513 | rec: 0.8187 | F1: 0.7835 | AUC: 0.8776
Epoch 11/20 | Train loss: 0.4188 | Val loss: 0.4314 | acc: 0.7781 | prec: 0.7485 | rec: 0.7768 | F1: 0.7624 | AUC: 0.8638
Epoch 12/20 | Train loss: 0.4159 | Val loss: 0.4172 | acc: 0.7841 | prec: 0.7347 | rec: 0.8276 | F1: 0.7784 | AUC: 0.8720
Epoch 13/20 | Train loss: 0.4163 | Val loss: 0.4168 | acc: 0.7874 | prec: 0.7518 | rec: 0.8002 | F1: 0.7752 | AUC: 0.8730
Epoch 14/20 | Train loss: 0.4114 | Val loss: 0.4211 | acc: 0.7842 | prec: 0.7327 | rec: 0.8329 | F1: 0.7796 | AUC: 0.8712
Epoch 15/20 | Train loss: 0.4123 | Val loss: 0.4205 | acc: 0.7872 | prec: 0.7807 | rec: 0.7447 | F1: 0.7623 | AUC: 0.8754
Epoch 16/20 | Train loss: 0.4037 | Val loss: 0.4104 | acc: 0.7920 | prec: 0.7771 | rec: 0.7658 | F1: 0.7714 | AUC: 0.8800
Epoch 17/20 | Train loss: 0.4043 | Val loss: 0.4133 | acc: 0.7904 | prec: 0.7525 | rec: 0.8086 | F1: 0.7795 | AUC: 0.8768
Epoch 18/20 | Train loss: 0.3998 | Val loss: 0.4099 | acc: 0.7971 | prec: 0.7562 | rec: 0.8224 | F1: 0.7879 | AUC: 0.8803
  -> New best AUC 0.8803, checkpoint saved.
Epoch 19/20 | Train loss: 0.3954 | Val loss: 0.4092 | acc: 0.7961 | prec: 0.7646 | rec: 0.8018 | F1: 0.7827 | AUC: 0.8801
Epoch 20/20 | Train loss: 0.3939 | Val loss: 0.4077 | acc: 0.7954 | prec: 0.7582 | rec: 0.8126 | F1: 0.7845 | AUC: 0.8816
  -> New best AUC 0.8816, checkpoint saved.

Loading best checkpoint for test evaluation ...
Test | loss: 0.6272 | acc: 0.6817 | prec: 0.6206 | rec: 0.8244 | F1: 0.7081 | AUC: 0.7677
